# probe started at 1781597661 endpoint=http://localhost:8080/checkout/health
1781597661 fail 000000 2094
1781597669 fail 000000 2098
1781597676 fail 000000 2075
1781597683 fail 000000 2103
1781597690 fail 000000 2090
1781597697 fail 000000 2088
1781597704 fail 000000 2082
1781597712 fail 000000 2081
1781597719 fail 000000 2096
1781597726 fail 000000 2070
1781597733 fail 000000 2116
1781597740 fail 000000 2079
1781597747 fail 000000 2081
1781597755 fail 000000 2077
1781597762 fail 000000 2075
1781597769 fail 000000 2091
1781597776 fail 000000 2082
1781597783 fail 000000 2074
1781597790 fail 000000 2067
1781597798 fail 000000 2097
1781597805 fail 000000 2089
1781597812 fail 000000 2100
1781597819 fail 000000 2086
1781597826 fail 000000 2096
1781597833 fail 000000 2079
1781597841 fail 000000 2087
1781597848 fail 000000 2087
1781597855 fail 000000 2092
1781597862 fail 000000 2090
1781597869 fail 000000 2083
1781597876 fail 000000 2074
1781597883 fail 000000 2067
1781597891 fail 000000 2090
1781597898 fail 000000 2082
1781597905 fail 000000 2094
1781597912 fail 000000 2082
1781597919 fail 000000 2073
1781597926 fail 000000 2087
1781597934 fail 000000 2083
1781597941 fail 000000 2106
1781597948 fail 000000 2087
1781597955 fail 000000 2096
1781597962 fail 000000 2092
1781597969 fail 000000 2087
1781597977 fail 000000 2123
1781597984 fail 000000 2083
1781597991 fail 000000 2137
1781597998 fail 000000 2066
1781598005 fail 000000 2082
1781598013 fail 000000 2088
1781598020 fail 000000 2089
1781598027 fail 000000 2086
1781598034 fail 000000 2084
1781598041 fail 000000 2103
1781598048 fail 000000 2084
1781598056 fail 000000 2085
1781598063 fail 000000 2076
1781598070 fail 000000 2069
1781598077 fail 000000 2063
1781598084 fail 000000 2079
1781598091 fail 000000 2068
1781598098 fail 000000 2078
1781598106 fail 000000 2087
1781598113 fail 000000 2087
1781598120 fail 000000 2077
1781598127 fail 000000 2065
1781598134 fail 000000 2111
1781598141 fail 000000 2069
1781598148 fail 000000 2072
1781598156 fail 000000 2092
1781598163 fail 000000 2128
1781598170 fail 000000 2060
1781598177 fail 000000 2080
1781598184 fail 000000 2110
1781598192 fail 000000 2084
1781598199 fail 000000 2091
1781598206 fail 000000 2085
1781598213 fail 000000 2087
1781598220 fail 000000 2069
1781598227 fail 000000 2098
1781598235 fail 000000 2093
1781598242 fail 000000 2085
1781598249 fail 000000 2087
1781598256 fail 000000 2103
1781598263 fail 000000 2134
1781598270 fail 000000 2089
1781598278 fail 000000 2078
1781598285 fail 000000 2093
1781598292 fail 000000 2106
1781598299 fail 000000 2095
1781598306 fail 000000 2107
1781598314 fail 000000 2100
1781598321 fail 000000 2097
1781598328 fail 000000 2075
1781598335 fail 000000 2095
1781598342 fail 000000 2083
1781598349 fail 000000 2081
1781598357 fail 000000 2098
1781598364 fail 000000 2095
1781598371 fail 000000 2074
1781598378 fail 000000 2102
1781598385 fail 000000 2099
1781598392 fail 000000 2080
1781598400 fail 000000 2078
1781598407 fail 000000 2103
1781598414 fail 000000 2152
1781598421 fail 000000 2112
1781598428 fail 000000 2106
1781598436 fail 000000 2100
1781598443 fail 000000 2132
1781598450 fail 000000 2119
1781598457 fail 000000 2158
1781598465 fail 000000 2117
1781598472 fail 000000 2111
1781598479 fail 000000 2102
1781598486 fail 000000 2075
1781598494 fail 000000 2101
1781598501 fail 000000 2082
1781598508 fail 000000 2094
1781598515 fail 000000 2111
1781598522 fail 000000 2094
1781598529 fail 000000 2095
1781598537 fail 000000 2090
1781598544 fail 000000 2085
1781598551 fail 000000 2091
1781598558 fail 000000 2088
1781598565 fail 000000 2119
1781598573 fail 000000 2094
1781598580 fail 000000 2095
1781598587 fail 000000 2094
1781598594 fail 000000 2110
1781598601 fail 000000 2096
1781598609 fail 000000 2096
1781598616 fail 000000 2116
1781598623 fail 000000 2092
1781598630 fail 000000 2106
1781598637 fail 000000 2099
1781598644 fail 000000 2113
1781598652 fail 000000 2104
1781598659 fail 000000 2084
1781598666 fail 000000 2094
1781598673 fail 000000 2103
1781598680 fail 000000 2071
1781598688 fail 000000 2075
1781598695 fail 000000 2090
1781598702 fail 000000 2093
1781598709 fail 000000 2096
1781598716 fail 000000 2074
1781598723 fail 000000 2085
1781598731 fail 000000 2065
1781598738 fail 000000 2085
1781598745 fail 000000 2082
1781598752 fail 000000 2077
1781598759 fail 000000 2076
1781598766 fail 000000 2068
1781598773 fail 000000 2081
1781598781 fail 000000 2075
1781598788 fail 000000 2075
1781598795 fail 000000 2096
1781598802 fail 000000 2086
1781598809 fail 000000 2088
1781598816 fail 000000 2086
1781598824 fail 000000 2081
1781598831 fail 000000 2069
1781598838 fail 000000 2087
1781598845 fail 000000 2076
1781598852 fail 000000 2072
1781598859 fail 000000 2081
1781598866 fail 000000 2069
1781598874 fail 000000 2075
1781598881 fail 000000 2083
1781598888 fail 000000 2075
1781598895 fail 000000 2078
1781598902 fail 000000 2085
1781598909 fail 000000 2079
1781598916 fail 000000 2080
1781598924 fail 000000 2084
1781598931 fail 000000 2074
1781598938 fail 000000 2072
1781598945 fail 000000 2079
1781598952 fail 000000 2097
1781598959 fail 000000 2069
1781598967 fail 000000 2074
1781598974 fail 000000 2092
1781598981 fail 000000 2105
1781598988 fail 000000 2078
1781598995 fail 000000 2105
1781599002 fail 000000 2091
1781599009 fail 000000 2104
1781599017 fail 000000 2101
1781599024 fail 000000 2080
1781599031 fail 000000 2100
1781599038 fail 000000 2089
1781599045 fail 000000 2085
1781599053 fail 000000 2077
1781599060 fail 000000 2072
